// Jest Snapshot v1, https://goo.gl/fbAQLP

exports[`It should render the table view correctly when appropriate props are passed 1`] = `
ShallowWrapper {
  Symbol(enzyme.__root__): [Circular],
  Symbol(enzyme.__unrendered__): <Unknown
    level="1"
    selectIndicator={[Function]}
    treeStructureClass={
      Object {
        "categories": Array [
          Tree {
            "category": "categories",
            "childLabel": "indicators",
            "children": Array [
              Object {
                "id": 299,
                "name": "Total",
              },
            ],
            "data": Object {
              "id": 1,
              "name": "Area",
              "unit": "(sq. km.)",
            },
            "getFields": [Function],
            "getKeys": [Function],
            "keys": Array [
              "id",
              "indicators",
              "name",
              "unit",
            ],
            "nodeLabel": "Area",
            "parentPosition": 1,
            "position": 2,
            "previousTree": "Administrative",
            "selected": false,
          },
          Tree {
            "category": "categories",
            "childLabel": "indicators",
            "children": Array [
              Object {
                "id": 300,
                "name": "Total",
              },
            ],
            "data": Object {
              "id": 2,
              "name": "Population",
              "unit": "(thousands)",
            },
            "getFields": [Function],
            "getKeys": [Function],
            "keys": Array [
              "id",
              "indicators",
              "name",
              "unit",
            ],
            "nodeLabel": "Population",
            "parentPosition": 1,
            "position": 4,
            "previousTree": "Administrative",
            "selected": false,
          },
          Tree {
            "category": "categories",
            "childLabel": "indicators",
            "children": Array [
              Object {
                "id": 301,
                "name": "Total",
              },
            ],
            "data": Object {
              "id": 3,
              "name": "Population density",
              "unit": "(people per sq. km.)",
            },
            "getFields": [Function],
            "getKeys": [Function],
            "keys": Array [
              "id",
              "indicators",
              "name",
              "unit",
            ],
            "nodeLabel": "Population density",
            "parentPosition": 1,
            "position": 6,
            "previousTree": "Administrative",
            "selected": false,
          },
          Tree {
            "category": "categories",
            "childLabel": "indicators",
            "children": Array [
              Object {
                "id": 302,
                "name": "Total",
              },
            ],
            "data": Object {
              "id": 4,
              "name": "Area",
              "unit": "(sq. km.)",
            },
            "getFields": [Function],
            "getKeys": [Function],
            "keys": Array [
              "id",
              "indicators",
              "name",
              "unit",
            ],
            "nodeLabel": "Area",
            "parentPosition": 8,
            "position": 9,
            "previousTree": "Built up",
            "selected": false,
          },
          Tree {
            "category": "categories",
            "childLabel": "indicators",
            "children": Array [
              Object {
                "id": 303,
                "name": "Total",
              },
            ],
            "data": Object {
              "id": 5,
              "name": "Population",
              "unit": "(thousands)",
            },
            "getFields": [Function],
            "getKeys": [Function],
            "keys": Array [
              "id",
              "indicators",
              "name",
              "unit",
            ],
            "nodeLabel": "Population",
            "parentPosition": 8,
            "position": 11,
            "previousTree": "Built up",
            "selected": false,
          },
          Tree {
            "category": "categories",
            "childLabel": "indicators",
            "children": Array [
              Object {
                "id": 304,
                "name": "Total",
              },
            ],
            "data": Object {
              "id": 6,
              "name": "Population density",
              "unit": "(people per sq. km.)",
            },
            "getFields": [Function],
            "getKeys": [Function],
            "keys": Array [
              "id",
              "indicators",
              "name",
              "unit",
            ],
            "nodeLabel": "Population density",
            "parentPosition": 8,
            "position": 13,
            "previousTree": "Built up",
            "selected": false,
          },
          Tree {
            "category": "categories",
            "childLabel": "indicators",
            "children": Array [
              Object {
                "id": 305,
                "name": "Total",
              },
            ],
            "data": Object {
              "id": 7,
              "name": "Area",
              "unit": "(sq. km.)",
            },
            "getFields": [Function],
            "getKeys": [Function],
            "keys": Array [
              "id",
              "indicators",
              "name",
              "unit",
            ],
            "nodeLabel": "Area",
            "parentPosition": 15,
            "position": 16,
            "previousTree": "Lit at night",
            "selected": false,
          },
          Tree {
            "category": "categories",
            "childLabel": "indicators",
            "children": Array [
              Object {
                "id": 306,
                "name": "Total",
              },
            ],
            "data": Object {
              "id": 8,
              "name": "Population",
              "unit": "(thousands)",
            },
            "getFields": [Function],
            "getKeys": [Function],
            "keys": Array [
              "id",
              "indicators",
              "name",
              "unit",
            ],
            "nodeLabel": "Population",
            "parentPosition": 15,
            "position": 18,
            "previousTree": "Lit at night",
            "selected": false,
          },
          Tree {
            "category": "categories",
            "childLabel": "indicators",
            "children": Array [
              Object {
                "id": 307,
                "name": "Total",
              },
            ],
            "data": Object {
              "id": 9,
              "name": "Population density",
              "unit": "(people per sq. km.)",
            },
            "getFields": [Function],
            "getKeys": [Function],
            "keys": Array [
              "id",
              "indicators",
              "name",
              "unit",
            ],
            "nodeLabel": "Population density",
            "parentPosition": 15,
            "position": 20,
            "previousTree": "Lit at night",
            "selected": false,
          },
        ],
        "indicators": Array [
          Tree {
            "category": "indicators",
            "childLabel": undefined,
            "children": undefined,
            "data": Object {
              "id": 299,
              "name": "Total",
            },
            "getFields": [Function],
            "getKeys": [Function],
            "keys": Array [
              "id",
              "name",
            ],
            "nodeLabel": "Total",
            "parentPosition": 2,
            "position": 3,
            "previousTree": "Area",
            "selected": false,
          },
          Tree {
            "category": "indicators",
            "childLabel": undefined,
            "children": undefined,
            "data": Object {
              "id": 300,
              "name": "Total",
            },
            "getFields": [Function],
            "getKeys": [Function],
            "keys": Array [
              "id",
              "name",
            ],
            "nodeLabel": "Total",
            "parentPosition": 4,
            "position": 5,
            "previousTree": "Population",
            "selected": false,
          },
          Tree {
            "category": "indicators",
            "childLabel": undefined,
            "children": undefined,
            "data": Object {
              "id": 301,
              "name": "Total",
            },
            "getFields": [Function],
            "getKeys": [Function],
            "keys": Array [
              "id",
              "name",
            ],
            "nodeLabel": "Total",
            "parentPosition": 6,
            "position": 7,
            "previousTree": "Population density",
            "selected": false,
          },
          Tree {
            "category": "indicators",
            "childLabel": undefined,
            "children": undefined,
            "data": Object {
              "id": 302,
              "name": "Total",
            },
            "getFields": [Function],
            "getKeys": [Function],
            "keys": Array [
              "id",
              "name",
            ],
            "nodeLabel": "Total",
            "parentPosition": 9,
            "position": 10,
            "previousTree": "Area",
            "selected": false,
          },
          Tree {
            "category": "indicators",
            "childLabel": undefined,
            "children": undefined,
            "data": Object {
              "id": 303,
              "name": "Total",
            },
            "getFields": [Function],
            "getKeys": [Function],
            "keys": Array [
              "id",
              "name",
            ],
            "nodeLabel": "Total",
            "parentPosition": 11,
            "position": 12,
            "previousTree": "Population",
            "selected": false,
          },
          Tree {
            "category": "indicators",
            "childLabel": undefined,
            "children": undefined,
            "data": Object {
              "id": 304,
              "name": "Total",
            },
            "getFields": [Function],
            "getKeys": [Function],
            "keys": Array [
              "id",
              "name",
            ],
            "nodeLabel": "Total",
            "parentPosition": 13,
            "position": 14,
            "previousTree": "Population density",
            "selected": false,
          },
          Tree {
            "category": "indicators",
            "childLabel": undefined,
            "children": undefined,
            "data": Object {
              "id": 305,
              "name": "Total",
            },
            "getFields": [Function],
            "getKeys": [Function],
            "keys": Array [
              "id",
              "name",
            ],
            "nodeLabel": "Total",
            "parentPosition": 16,
            "position": 17,
            "previousTree": "Area",
            "selected": false,
          },
          Tree {
            "category": "indicators",
            "childLabel": undefined,
            "children": undefined,
            "data": Object {
              "id": 306,
              "name": "Total",
            },
            "getFields": [Function],
            "getKeys": [Function],
            "keys": Array [
              "id",
              "name",
            ],
            "nodeLabel": "Total",
            "parentPosition": 18,
            "position": 19,
            "previousTree": "Population",
            "selected": false,
          },
          Tree {
            "category": "indicators",
            "childLabel": undefined,
            "children": undefined,
            "data": Object {
              "id": 307,
              "name": "Total",
            },
            "getFields": [Function],
            "getKeys": [Function],
            "keys": Array [
              "id",
              "name",
            ],
            "nodeLabel": "Total",
            "parentPosition": 20,
            "position": 21,
            "previousTree": "Population density",
            "selected": false,
          },
        ],
        "sub_themes": Array [
          Tree {
            "category": "sub_themes",
            "childLabel": "categories",
            "children": Array [
              Object {
                "id": 1,
                "indicators": Array [
                  Object {
                    "id": 299,
                    "name": "Total",
                  },
                ],
                "name": "Area",
                "unit": "(sq. km.)",
              },
              Object {
                "id": 2,
                "indicators": Array [
                  Object {
                    "id": 300,
                    "name": "Total",
                  },
                ],
                "name": "Population",
                "unit": "(thousands)",
              },
              Object {
                "id": 3,
                "indicators": Array [
                  Object {
                    "id": 301,
                    "name": "Total",
                  },
                ],
                "name": "Population density",
                "unit": "(people per sq. km.)",
              },
            ],
            "data": Object {
              "id": 1,
              "name": "Administrative",
            },
            "getFields": [Function],
            "getKeys": [Function],
            "keys": Array [
              "categories",
              "id",
              "name",
            ],
            "nodeLabel": "Administrative",
            "parentPosition": 0,
            "position": 1,
            "previousTree": "Urban Extent",
            "selected": false,
          },
          Tree {
            "category": "sub_themes",
            "childLabel": "categories",
            "children": Array [
              Object {
                "id": 4,
                "indicators": Array [
                  Object {
                    "id": 302,
                    "name": "Total",
                  },
                ],
                "name": "Area",
                "unit": "(sq. km.)",
              },
              Object {
                "id": 5,
                "indicators": Array [
                  Object {
                    "id": 303,
                    "name": "Total",
                  },
                ],
                "name": "Population",
                "unit": "(thousands)",
              },
              Object {
                "id": 6,
                "indicators": Array [
                  Object {
                    "id": 304,
                    "name": "Total",
                  },
                ],
                "name": "Population density",
                "unit": "(people per sq. km.)",
              },
            ],
            "data": Object {
              "id": 2,
              "name": "Built up",
            },
            "getFields": [Function],
            "getKeys": [Function],
            "keys": Array [
              "categories",
              "id",
              "name",
            ],
            "nodeLabel": "Built up",
            "parentPosition": 0,
            "position": 8,
            "previousTree": "Urban Extent",
            "selected": false,
          },
          Tree {
            "category": "sub_themes",
            "childLabel": "categories",
            "children": Array [
              Object {
                "id": 7,
                "indicators": Array [
                  Object {
                    "id": 305,
                    "name": "Total",
                  },
                ],
                "name": "Area",
                "unit": "(sq. km.)",
              },
              Object {
                "id": 8,
                "indicators": Array [
                  Object {
                    "id": 306,
                    "name": "Total",
                  },
                ],
                "name": "Population",
                "unit": "(thousands)",
              },
              Object {
                "id": 9,
                "indicators": Array [
                  Object {
                    "id": 307,
                    "name": "Total",
                  },
                ],
                "name": "Population density",
                "unit": "(people per sq. km.)",
              },
            ],
            "data": Object {
              "id": 3,
              "name": "Lit at night",
            },
            "getFields": [Function],
            "getKeys": [Function],
            "keys": Array [
              "categories",
              "id",
              "name",
            ],
            "nodeLabel": "Lit at night",
            "parentPosition": 0,
            "position": 15,
            "previousTree": "Urban Extent",
            "selected": false,
          },
        ],
        "themes": Array [
          Tree {
            "category": "",
            "childLabel": "sub_themes",
            "children": Array [
              Object {
                "categories": Array [
                  Object {
                    "id": 1,
                    "indicators": Array [
                      Object {
                        "id": 299,
                        "name": "Total",
                      },
                    ],
                    "name": "Area",
                    "unit": "(sq. km.)",
                  },
                  Object {
                    "id": 2,
                    "indicators": Array [
                      Object {
                        "id": 300,
                        "name": "Total",
                      },
                    ],
                    "name": "Population",
                    "unit": "(thousands)",
                  },
                  Object {
                    "id": 3,
                    "indicators": Array [
                      Object {
                        "id": 301,
                        "name": "Total",
                      },
                    ],
                    "name": "Population density",
                    "unit": "(people per sq. km.)",
                  },
                ],
                "id": 1,
                "name": "Administrative",
              },
              Object {
                "categories": Array [
                  Object {
                    "id": 4,
                    "indicators": Array [
                      Object {
                        "id": 302,
                        "name": "Total",
                      },
                    ],
                    "name": "Area",
                    "unit": "(sq. km.)",
                  },
                  Object {
                    "id": 5,
                    "indicators": Array [
                      Object {
                        "id": 303,
                        "name": "Total",
                      },
                    ],
                    "name": "Population",
                    "unit": "(thousands)",
                  },
                  Object {
                    "id": 6,
                    "indicators": Array [
                      Object {
                        "id": 304,
                        "name": "Total",
                      },
                    ],
                    "name": "Population density",
                    "unit": "(people per sq. km.)",
                  },
                ],
                "id": 2,
                "name": "Built up",
              },
              Object {
                "categories": Array [
                  Object {
                    "id": 7,
                    "indicators": Array [
                      Object {
                        "id": 305,
                        "name": "Total",
                      },
                    ],
                    "name": "Area",
                    "unit": "(sq. km.)",
                  },
                  Object {
                    "id": 8,
                    "indicators": Array [
                      Object {
                        "id": 306,
                        "name": "Total",
                      },
                    ],
                    "name": "Population",
                    "unit": "(thousands)",
                  },
                  Object {
                    "id": 9,
                    "indicators": Array [
                      Object {
                        "id": 307,
                        "name": "Total",
                      },
                    ],
                    "name": "Population density",
                    "unit": "(people per sq. km.)",
                  },
                ],
                "id": 3,
                "name": "Lit at night",
              },
            ],
            "data": Object {
              "id": 1,
              "name": "Urban Extent",
            },
            "getFields": [Function],
            "getKeys": [Function],
            "keys": Array [
              "id",
              "name",
              "sub_themes",
            ],
            "nodeLabel": "Urban Extent",
            "parentPosition": null,
            "position": 0,
            "previousTree": "",
            "selected": false,
          },
        ],
      }
    }
  />,
  Symbol(enzyme.__renderer__): Object {
    "batchedUpdates": [Function],
    "getNode": [Function],
    "render": [Function],
    "simulateError": [Function],
    "simulateEvent": [Function],
    "unmount": [Function],
  },
  Symbol(enzyme.__node__): Object {
    "instance": null,
    "key": undefined,
    "nodeType": "host",
    "props": Object {
      "children": Array [
        <td
          className="cell100 column1 themes"
        >
           
          <div>
            Urban Extent
          </div>
        </td>,
        <td
          className="cell100 column1 sub_themes"
        >
          <tr
            className=""
          >
            <div>
              Administrative
            </div>
          </tr>
          <tr
            className=""
          >
            <div>
              Built up
            </div>
          </tr>
          <tr
            className=""
          >
            <div>
              Lit at night
            </div>
          </tr>
        </td>,
        <td
          className="cell100 column1 categories"
        >
          <tr
            className=""
          >
            <div>
               
              Area
            </div>
          </tr>
          <tr
            className=""
          >
            <div>
               
              Population
            </div>
          </tr>
          <tr
            className=""
          >
            <div>
               
              Population density
            </div>
          </tr>
          <tr
            className=""
          >
            <div>
               
              Area
            </div>
          </tr>
          <tr
            className=""
          >
            <div>
               
              Population
            </div>
          </tr>
          <tr
            className=""
          >
            <div>
               
              Population density
            </div>
          </tr>
          <tr
            className=""
          >
            <div>
               
              Area
            </div>
          </tr>
          <tr
            className=""
          >
            <div>
               
              Population
            </div>
          </tr>
          <tr
            className=""
          >
            <div>
               
              Population density
            </div>
          </tr>
        </td>,
        <td
          className="cell100 column1 indicators"
        >
          <tr
            className=""
            onClick={[Function]}
          >
             
            <div>
              Total
            </div>
          </tr>
          <tr
            className=""
            onClick={[Function]}
          >
             
            <div>
              Total
            </div>
          </tr>
          <tr
            className=""
            onClick={[Function]}
          >
             
            <div>
              Total
            </div>
          </tr>
          <tr
            className=""
            onClick={[Function]}
          >
             
            <div>
              Total
            </div>
          </tr>
          <tr
            className=""
            onClick={[Function]}
          >
             
            <div>
              Total
            </div>
          </tr>
          <tr
            className=""
            onClick={[Function]}
          >
             
            <div>
              Total
            </div>
          </tr>
          <tr
            className=""
            onClick={[Function]}
          >
             
            <div>
              Total
            </div>
          </tr>
          <tr
            className=""
            onClick={[Function]}
          >
             
            <div>
              Total
            </div>
          </tr>
          <tr
            className=""
            onClick={[Function]}
          >
             
            <div>
              Total
            </div>
          </tr>
        </td>,
      ],
      "className": "row200 body",
    },
    "ref": null,
    "rendered": Array [
      Object {
        "instance": null,
        "key": undefined,
        "nodeType": "host",
        "props": Object {
          "children": Array [
            " ",
            <div>
              Urban Extent
            </div>,
          ],
          "className": "cell100 column1 themes",
        },
        "ref": null,
        "rendered": Array [
          " ",
          Object {
            "instance": null,
            "key": undefined,
            "nodeType": "host",
            "props": Object {
              "children": "Urban Extent",
            },
            "ref": null,
            "rendered": "Urban Extent",
            "type": "div",
          },
        ],
        "type": "td",
      },
      Object {
        "instance": null,
        "key": undefined,
        "nodeType": "host",
        "props": Object {
          "children": Array [
            <tr
              className=""
            >
              <div>
                Administrative
              </div>
            </tr>,
            <tr
              className=""
            >
              <div>
                Built up
              </div>
            </tr>,
            <tr
              className=""
            >
              <div>
                Lit at night
              </div>
            </tr>,
          ],
          "className": "cell100 column1 sub_themes",
        },
        "ref": null,
        "rendered": Array [
          Object {
            "instance": null,
            "key": "0",
            "nodeType": "host",
            "props": Object {
              "children": <div>
                Administrative
              </div>,
              "className": "",
            },
            "ref": null,
            "rendered": Object {
              "instance": null,
              "key": undefined,
              "nodeType": "host",
              "props": Object {
                "children": "Administrative",
              },
              "ref": null,
              "rendered": "Administrative",
              "type": "div",
            },
            "type": "tr",
          },
          Object {
            "instance": null,
            "key": "1",
            "nodeType": "host",
            "props": Object {
              "children": <div>
                Built up
              </div>,
              "className": "",
            },
            "ref": null,
            "rendered": Object {
              "instance": null,
              "key": undefined,
              "nodeType": "host",
              "props": Object {
                "children": "Built up",
              },
              "ref": null,
              "rendered": "Built up",
              "type": "div",
            },
            "type": "tr",
          },
          Object {
            "instance": null,
            "key": "2",
            "nodeType": "host",
            "props": Object {
              "children": <div>
                Lit at night
              </div>,
              "className": "",
            },
            "ref": null,
            "rendered": Object {
              "instance": null,
              "key": undefined,
              "nodeType": "host",
              "props": Object {
                "children": "Lit at night",
              },
              "ref": null,
              "rendered": "Lit at night",
              "type": "div",
            },
            "type": "tr",
          },
        ],
        "type": "td",
      },
      Object {
        "instance": null,
        "key": undefined,
        "nodeType": "host",
        "props": Object {
          "children": Array [
            <tr
              className=""
            >
              <div>
                 
                Area
              </div>
            </tr>,
            <tr
              className=""
            >
              <div>
                 
                Population
              </div>
            </tr>,
            <tr
              className=""
            >
              <div>
                 
                Population density
              </div>
            </tr>,
            <tr
              className=""
            >
              <div>
                 
                Area
              </div>
            </tr>,
            <tr
              className=""
            >
              <div>
                 
                Population
              </div>
            </tr>,
            <tr
              className=""
            >
              <div>
                 
                Population density
              </div>
            </tr>,
            <tr
              className=""
            >
              <div>
                 
                Area
              </div>
            </tr>,
            <tr
              className=""
            >
              <div>
                 
                Population
              </div>
            </tr>,
            <tr
              className=""
            >
              <div>
                 
                Population density
              </div>
            </tr>,
          ],
          "className": "cell100 column1 categories",
        },
        "ref": null,
        "rendered": Array [
          Object {
            "instance": null,
            "key": "0",
            "nodeType": "host",
            "props": Object {
              "children": <div>
                 
                Area
              </div>,
              "className": "",
            },
            "ref": null,
            "rendered": Object {
              "instance": null,
              "key": undefined,
              "nodeType": "host",
              "props": Object {
                "children": Array [
                  " ",
                  "Area",
                ],
              },
              "ref": null,
              "rendered": Array [
                " ",
                "Area",
              ],
              "type": "div",
            },
            "type": "tr",
          },
          Object {
            "instance": null,
            "key": "1",
            "nodeType": "host",
            "props": Object {
              "children": <div>
                 
                Population
              </div>,
              "className": "",
            },
            "ref": null,
            "rendered": Object {
              "instance": null,
              "key": undefined,
              "nodeType": "host",
              "props": Object {
                "children": Array [
                  " ",
                  "Population",
                ],
              },
              "ref": null,
              "rendered": Array [
                " ",
                "Population",
              ],
              "type": "div",
            },
            "type": "tr",
          },
          Object {
            "instance": null,
            "key": "2",
            "nodeType": "host",
            "props": Object {
              "children": <div>
                 
                Population density
              </div>,
              "className": "",
            },
            "ref": null,
            "rendered": Object {
              "instance": null,
              "key": undefined,
              "nodeType": "host",
              "props": Object {
                "children": Array [
                  " ",
                  "Population density",
                ],
              },
              "ref": null,
              "rendered": Array [
                " ",
                "Population density",
              ],
              "type": "div",
            },
            "type": "tr",
          },
          Object {
            "instance": null,
            "key": "3",
            "nodeType": "host",
            "props": Object {
              "children": <div>
                 
                Area
              </div>,
              "className": "",
            },
            "ref": null,
            "rendered": Object {
              "instance": null,
              "key": undefined,
              "nodeType": "host",
              "props": Object {
                "children": Array [
                  " ",
                  "Area",
                ],
              },
              "ref": null,
              "rendered": Array [
                " ",
                "Area",
              ],
              "type": "div",
            },
            "type": "tr",
          },
          Object {
            "instance": null,
            "key": "4",
            "nodeType": "host",
            "props": Object {
              "children": <div>
                 
                Population
              </div>,
              "className": "",
            },
            "ref": null,
            "rendered": Object {
              "instance": null,
              "key": undefined,
              "nodeType": "host",
              "props": Object {
                "children": Array [
                  " ",
                  "Population",
                ],
              },
              "ref": null,
              "rendered": Array [
                " ",
                "Population",
              ],
              "type": "div",
            },
            "type": "tr",
          },
          Object {
            "instance": null,
            "key": "5",
            "nodeType": "host",
            "props": Object {
              "children": <div>
                 
                Population density
              </div>,
              "className": "",
            },
            "ref": null,
            "rendered": Object {
              "instance": null,
              "key": undefined,
              "nodeType": "host",
              "props": Object {
                "children": Array [
                  " ",
                  "Population density",
                ],
              },
              "ref": null,
              "rendered": Array [
                " ",
                "Population density",
              ],
              "type": "div",
            },
            "type": "tr",
          },
          Object {
            "instance": null,
            "key": "6",
            "nodeType": "host",
            "props": Object {
              "children": <div>
                 
                Area
              </div>,
              "className": "",
            },
            "ref": null,
            "rendered": Object {
              "instance": null,
              "key": undefined,
              "nodeType": "host",
              "props": Object {
                "children": Array [
                  " ",
                  "Area",
                ],
              },
              "ref": null,
              "rendered": Array [
                " ",
                "Area",
              ],
              "type": "div",
            },
            "type": "tr",
          },
          Object {
            "instance": null,
            "key": "7",
            "nodeType": "host",
            "props": Object {
              "children": <div>
                 
                Population
              </div>,
              "className": "",
            },
            "ref": null,
            "rendered": Object {
              "instance": null,
              "key": undefined,
              "nodeType": "host",
              "props": Object {
                "children": Array [
                  " ",
                  "Population",
                ],
              },
              "ref": null,
              "rendered": Array [
                " ",
                "Population",
              ],
              "type": "div",
            },
            "type": "tr",
          },
          Object {
            "instance": null,
            "key": "8",
            "nodeType": "host",
            "props": Object {
              "children": <div>
                 
                Population density
              </div>,
              "className": "",
            },
            "ref": null,
            "rendered": Object {
              "instance": null,
              "key": undefined,
              "nodeType": "host",
              "props": Object {
                "children": Array [
                  " ",
                  "Population density",
                ],
              },
              "ref": null,
              "rendered": Array [
                " ",
                "Population density",
              ],
              "type": "div",
            },
            "type": "tr",
          },
        ],
        "type": "td",
      },
      Object {
        "instance": null,
        "key": undefined,
        "nodeType": "host",
        "props": Object {
          "children": Array [
            <tr
              className=""
              onClick={[Function]}
            >
               
              <div>
                Total
              </div>
            </tr>,
            <tr
              className=""
              onClick={[Function]}
            >
               
              <div>
                Total
              </div>
            </tr>,
            <tr
              className=""
              onClick={[Function]}
            >
               
              <div>
                Total
              </div>
            </tr>,
            <tr
              className=""
              onClick={[Function]}
            >
               
              <div>
                Total
              </div>
            </tr>,
            <tr
              className=""
              onClick={[Function]}
            >
               
              <div>
                Total
              </div>
            </tr>,
            <tr
              className=""
              onClick={[Function]}
            >
               
              <div>
                Total
              </div>
            </tr>,
            <tr
              className=""
              onClick={[Function]}
            >
               
              <div>
                Total
              </div>
            </tr>,
            <tr
              className=""
              onClick={[Function]}
            >
               
              <div>
                Total
              </div>
            </tr>,
            <tr
              className=""
              onClick={[Function]}
            >
               
              <div>
                Total
              </div>
            </tr>,
          ],
          "className": "cell100 column1 indicators",
        },
        "ref": null,
        "rendered": Array [
          Object {
            "instance": null,
            "key": "0",
            "nodeType": "host",
            "props": Object {
              "children": Array [
                " ",
                <div>
                  Total
                </div>,
              ],
              "className": "",
              "onClick": [Function],
            },
            "ref": null,
            "rendered": Array [
              " ",
              Object {
                "instance": null,
                "key": undefined,
                "nodeType": "host",
                "props": Object {
                  "children": "Total",
                },
                "ref": null,
                "rendered": "Total",
                "type": "div",
              },
            ],
            "type": "tr",
          },
          Object {
            "instance": null,
            "key": "1",
            "nodeType": "host",
            "props": Object {
              "children": Array [
                " ",
                <div>
                  Total
                </div>,
              ],
              "className": "",
              "onClick": [Function],
            },
            "ref": null,
            "rendered": Array [
              " ",
              Object {
                "instance": null,
                "key": undefined,
                "nodeType": "host",
                "props": Object {
                  "children": "Total",
                },
                "ref": null,
                "rendered": "Total",
                "type": "div",
              },
            ],
            "type": "tr",
          },
          Object {
            "instance": null,
            "key": "2",
            "nodeType": "host",
            "props": Object {
              "children": Array [
                " ",
                <div>
                  Total
                </div>,
              ],
              "className": "",
              "onClick": [Function],
            },
            "ref": null,
            "rendered": Array [
              " ",
              Object {
                "instance": null,
                "key": undefined,
                "nodeType": "host",
                "props": Object {
                  "children": "Total",
                },
                "ref": null,
                "rendered": "Total",
                "type": "div",
              },
            ],
            "type": "tr",
          },
          Object {
            "instance": null,
            "key": "3",
            "nodeType": "host",
            "props": Object {
              "children": Array [
                " ",
                <div>
                  Total
                </div>,
              ],
              "className": "",
              "onClick": [Function],
            },
            "ref": null,
            "rendered": Array [
              " ",
              Object {
                "instance": null,
                "key": undefined,
                "nodeType": "host",
                "props": Object {
                  "children": "Total",
                },
                "ref": null,
                "rendered": "Total",
                "type": "div",
              },
            ],
            "type": "tr",
          },
          Object {
            "instance": null,
            "key": "4",
            "nodeType": "host",
            "props": Object {
              "children": Array [
                " ",
                <div>
                  Total
                </div>,
              ],
              "className": "",
              "onClick": [Function],
            },
            "ref": null,
            "rendered": Array [
              " ",
              Object {
                "instance": null,
                "key": undefined,
                "nodeType": "host",
                "props": Object {
                  "children": "Total",
                },
                "ref": null,
                "rendered": "Total",
                "type": "div",
              },
            ],
            "type": "tr",
          },
          Object {
            "instance": null,
            "key": "5",
            "nodeType": "host",
            "props": Object {
              "children": Array [
                " ",
                <div>
                  Total
                </div>,
              ],
              "className": "",
              "onClick": [Function],
            },
            "ref": null,
            "rendered": Array [
              " ",
              Object {
                "instance": null,
                "key": undefined,
                "nodeType": "host",
                "props": Object {
                  "children": "Total",
                },
                "ref": null,
                "rendered": "Total",
                "type": "div",
              },
            ],
            "type": "tr",
          },
          Object {
            "instance": null,
            "key": "6",
            "nodeType": "host",
            "props": Object {
              "children": Array [
                " ",
                <div>
                  Total
                </div>,
              ],
              "className": "",
              "onClick": [Function],
            },
            "ref": null,
            "rendered": Array [
              " ",
              Object {
                "instance": null,
                "key": undefined,
                "nodeType": "host",
                "props": Object {
                  "children": "Total",
                },
                "ref": null,
                "rendered": "Total",
                "type": "div",
              },
            ],
            "type": "tr",
          },
          Object {
            "instance": null,
            "key": "7",
            "nodeType": "host",
            "props": Object {
              "children": Array [
                " ",
                <div>
                  Total
                </div>,
              ],
              "className": "",
              "onClick": [Function],
            },
            "ref": null,
            "rendered": Array [
              " ",
              Object {
                "instance": null,
                "key": undefined,
                "nodeType": "host",
                "props": Object {
                  "children": "Total",
                },
                "ref": null,
                "rendered": "Total",
                "type": "div",
              },
            ],
            "type": "tr",
          },
          Object {
            "instance": null,
            "key": "8",
            "nodeType": "host",
            "props": Object {
              "children": Array [
                " ",
                <div>
                  Total
                </div>,
              ],
              "className": "",
              "onClick": [Function],
            },
            "ref": null,
            "rendered": Array [
              " ",
              Object {
                "instance": null,
                "key": undefined,
                "nodeType": "host",
                "props": Object {
                  "children": "Total",
                },
                "ref": null,
                "rendered": "Total",
                "type": "div",
              },
            ],
            "type": "tr",
          },
        ],
        "type": "td",
      },
    ],
    "type": "tr",
  },
  Symbol(enzyme.__nodes__): Array [
    Object {
      "instance": null,
      "key": undefined,
      "nodeType": "host",
      "props": Object {
        "children": Array [
          <td
            className="cell100 column1 themes"
          >
             
            <div>
              Urban Extent
            </div>
          </td>,
          <td
            className="cell100 column1 sub_themes"
          >
            <tr
              className=""
            >
              <div>
                Administrative
              </div>
            </tr>
            <tr
              className=""
            >
              <div>
                Built up
              </div>
            </tr>
            <tr
              className=""
            >
              <div>
                Lit at night
              </div>
            </tr>
          </td>,
          <td
            className="cell100 column1 categories"
          >
            <tr
              className=""
            >
              <div>
                 
                Area
              </div>
            </tr>
            <tr
              className=""
            >
              <div>
                 
                Population
              </div>
            </tr>
            <tr
              className=""
            >
              <div>
                 
                Population density
              </div>
            </tr>
            <tr
              className=""
            >
              <div>
                 
                Area
              </div>
            </tr>
            <tr
              className=""
            >
              <div>
                 
                Population
              </div>
            </tr>
            <tr
              className=""
            >
              <div>
                 
                Population density
              </div>
            </tr>
            <tr
              className=""
            >
              <div>
                 
                Area
              </div>
            </tr>
            <tr
              className=""
            >
              <div>
                 
                Population
              </div>
            </tr>
            <tr
              className=""
            >
              <div>
                 
                Population density
              </div>
            </tr>
          </td>,
          <td
            className="cell100 column1 indicators"
          >
            <tr
              className=""
              onClick={[Function]}
            >
               
              <div>
                Total
              </div>
            </tr>
            <tr
              className=""
              onClick={[Function]}
            >
               
              <div>
                Total
              </div>
            </tr>
            <tr
              className=""
              onClick={[Function]}
            >
               
              <div>
                Total
              </div>
            </tr>
            <tr
              className=""
              onClick={[Function]}
            >
               
              <div>
                Total
              </div>
            </tr>
            <tr
              className=""
              onClick={[Function]}
            >
               
              <div>
                Total
              </div>
            </tr>
            <tr
              className=""
              onClick={[Function]}
            >
               
              <div>
                Total
              </div>
            </tr>
            <tr
              className=""
              onClick={[Function]}
            >
               
              <div>
                Total
              </div>
            </tr>
            <tr
              className=""
              onClick={[Function]}
            >
               
              <div>
                Total
              </div>
            </tr>
            <tr
              className=""
              onClick={[Function]}
            >
               
              <div>
                Total
              </div>
            </tr>
          </td>,
        ],
        "className": "row200 body",
      },
      "ref": null,
      "rendered": Array [
        Object {
          "instance": null,
          "key": undefined,
          "nodeType": "host",
          "props": Object {
            "children": Array [
              " ",
              <div>
                Urban Extent
              </div>,
            ],
            "className": "cell100 column1 themes",
          },
          "ref": null,
          "rendered": Array [
            " ",
            Object {
              "instance": null,
              "key": undefined,
              "nodeType": "host",
              "props": Object {
                "children": "Urban Extent",
              },
              "ref": null,
              "rendered": "Urban Extent",
              "type": "div",
            },
          ],
          "type": "td",
        },
        Object {
          "instance": null,
          "key": undefined,
          "nodeType": "host",
          "props": Object {
            "children": Array [
              <tr
                className=""
              >
                <div>
                  Administrative
                </div>
              </tr>,
              <tr
                className=""
              >
                <div>
                  Built up
                </div>
              </tr>,
              <tr
                className=""
              >
                <div>
                  Lit at night
                </div>
              </tr>,
            ],
            "className": "cell100 column1 sub_themes",
          },
          "ref": null,
          "rendered": Array [
            Object {
              "instance": null,
              "key": "0",
              "nodeType": "host",
              "props": Object {
                "children": <div>
                  Administrative
                </div>,
                "className": "",
              },
              "ref": null,
              "rendered": Object {
                "instance": null,
                "key": undefined,
                "nodeType": "host",
                "props": Object {
                  "children": "Administrative",
                },
                "ref": null,
                "rendered": "Administrative",
                "type": "div",
              },
              "type": "tr",
            },
            Object {
              "instance": null,
              "key": "1",
              "nodeType": "host",
              "props": Object {
                "children": <div>
                  Built up
                </div>,
                "className": "",
              },
              "ref": null,
              "rendered": Object {
                "instance": null,
                "key": undefined,
                "nodeType": "host",
                "props": Object {
                  "children": "Built up",
                },
                "ref": null,
                "rendered": "Built up",
                "type": "div",
              },
              "type": "tr",
            },
            Object {
              "instance": null,
              "key": "2",
              "nodeType": "host",
              "props": Object {
                "children": <div>
                  Lit at night
                </div>,
                "className": "",
              },
              "ref": null,
              "rendered": Object {
                "instance": null,
                "key": undefined,
                "nodeType": "host",
                "props": Object {
                  "children": "Lit at night",
                },
                "ref": null,
                "rendered": "Lit at night",
                "type": "div",
              },
              "type": "tr",
            },
          ],
          "type": "td",
        },
        Object {
          "instance": null,
          "key": undefined,
          "nodeType": "host",
          "props": Object {
            "children": Array [
              <tr
                className=""
              >
                <div>
                   
                  Area
                </div>
              </tr>,
              <tr
                className=""
              >
                <div>
                   
                  Population
                </div>
              </tr>,
              <tr
                className=""
              >
                <div>
                   
                  Population density
                </div>
              </tr>,
              <tr
                className=""
              >
                <div>
                   
                  Area
                </div>
              </tr>,
              <tr
                className=""
              >
                <div>
                   
                  Population
                </div>
              </tr>,
              <tr
                className=""
              >
                <div>
                   
                  Population density
                </div>
              </tr>,
              <tr
                className=""
              >
                <div>
                   
                  Area
                </div>
              </tr>,
              <tr
                className=""
              >
                <div>
                   
                  Population
                </div>
              </tr>,
              <tr
                className=""
              >
                <div>
                   
                  Population density
                </div>
              </tr>,
            ],
            "className": "cell100 column1 categories",
          },
          "ref": null,
          "rendered": Array [
            Object {
              "instance": null,
              "key": "0",
              "nodeType": "host",
              "props": Object {
                "children": <div>
                   
                  Area
                </div>,
                "className": "",
              },
              "ref": null,
              "rendered": Object {
                "instance": null,
                "key": undefined,
                "nodeType": "host",
                "props": Object {
                  "children": Array [
                    " ",
                    "Area",
                  ],
                },
                "ref": null,
                "rendered": Array [
                  " ",
                  "Area",
                ],
                "type": "div",
              },
              "type": "tr",
            },
            Object {
              "instance": null,
              "key": "1",
              "nodeType": "host",
              "props": Object {
                "children": <div>
                   
                  Population
                </div>,
                "className": "",
              },
              "ref": null,
              "rendered": Object {
                "instance": null,
                "key": undefined,
                "nodeType": "host",
                "props": Object {
                  "children": Array [
                    " ",
                    "Population",
                  ],
                },
                "ref": null,
                "rendered": Array [
                  " ",
                  "Population",
                ],
                "type": "div",
              },
              "type": "tr",
            },
            Object {
              "instance": null,
              "key": "2",
              "nodeType": "host",
              "props": Object {
                "children": <div>
                   
                  Population density
                </div>,
                "className": "",
              },
              "ref": null,
              "rendered": Object {
                "instance": null,
                "key": undefined,
                "nodeType": "host",
                "props": Object {
                  "children": Array [
                    " ",
                    "Population density",
                  ],
                },
                "ref": null,
                "rendered": Array [
                  " ",
                  "Population density",
                ],
                "type": "div",
              },
              "type": "tr",
            },
            Object {
              "instance": null,
              "key": "3",
              "nodeType": "host",
              "props": Object {
                "children": <div>
                   
                  Area
                </div>,
                "className": "",
              },
              "ref": null,
              "rendered": Object {
                "instance": null,
                "key": undefined,
                "nodeType": "host",
                "props": Object {
                  "children": Array [
                    " ",
                    "Area",
                  ],
                },
                "ref": null,
                "rendered": Array [
                  " ",
                  "Area",
                ],
                "type": "div",
              },
              "type": "tr",
            },
            Object {
              "instance": null,
              "key": "4",
              "nodeType": "host",
              "props": Object {
                "children": <div>
                   
                  Population
                </div>,
                "className": "",
              },
              "ref": null,
              "rendered": Object {
                "instance": null,
                "key": undefined,
                "nodeType": "host",
                "props": Object {
                  "children": Array [
                    " ",
                    "Population",
                  ],
                },
                "ref": null,
                "rendered": Array [
                  " ",
                  "Population",
                ],
                "type": "div",
              },
              "type": "tr",
            },
            Object {
              "instance": null,
              "key": "5",
              "nodeType": "host",
              "props": Object {
                "children": <div>
                   
                  Population density
                </div>,
                "className": "",
              },
              "ref": null,
              "rendered": Object {
                "instance": null,
                "key": undefined,
                "nodeType": "host",
                "props": Object {
                  "children": Array [
                    " ",
                    "Population density",
                  ],
                },
                "ref": null,
                "rendered": Array [
                  " ",
                  "Population density",
                ],
                "type": "div",
              },
              "type": "tr",
            },
            Object {
              "instance": null,
              "key": "6",
              "nodeType": "host",
              "props": Object {
                "children": <div>
                   
                  Area
                </div>,
                "className": "",
              },
              "ref": null,
              "rendered": Object {
                "instance": null,
                "key": undefined,
                "nodeType": "host",
                "props": Object {
                  "children": Array [
                    " ",
                    "Area",
                  ],
                },
                "ref": null,
                "rendered": Array [
                  " ",
                  "Area",
                ],
                "type": "div",
              },
              "type": "tr",
            },
            Object {
              "instance": null,
              "key": "7",
              "nodeType": "host",
              "props": Object {
                "children": <div>
                   
                  Population
                </div>,
                "className": "",
              },
              "ref": null,
              "rendered": Object {
                "instance": null,
                "key": undefined,
                "nodeType": "host",
                "props": Object {
                  "children": Array [
                    " ",
                    "Population",
                  ],
                },
                "ref": null,
                "rendered": Array [
                  " ",
                  "Population",
                ],
                "type": "div",
              },
              "type": "tr",
            },
            Object {
              "instance": null,
              "key": "8",
              "nodeType": "host",
              "props": Object {
                "children": <div>
                   
                  Population density
                </div>,
                "className": "",
              },
              "ref": null,
              "rendered": Object {
                "instance": null,
                "key": undefined,
                "nodeType": "host",
                "props": Object {
                  "children": Array [
                    " ",
                    "Population density",
                  ],
                },
                "ref": null,
                "rendered": Array [
                  " ",
                  "Population density",
                ],
                "type": "div",
              },
              "type": "tr",
            },
          ],
          "type": "td",
        },
        Object {
          "instance": null,
          "key": undefined,
          "nodeType": "host",
          "props": Object {
            "children": Array [
              <tr
                className=""
                onClick={[Function]}
              >
                 
                <div>
                  Total
                </div>
              </tr>,
              <tr
                className=""
                onClick={[Function]}
              >
                 
                <div>
                  Total
                </div>
              </tr>,
              <tr
                className=""
                onClick={[Function]}
              >
                 
                <div>
                  Total
                </div>
              </tr>,
              <tr
                className=""
                onClick={[Function]}
              >
                 
                <div>
                  Total
                </div>
              </tr>,
              <tr
                className=""
                onClick={[Function]}
              >
                 
                <div>
                  Total
                </div>
              </tr>,
              <tr
                className=""
                onClick={[Function]}
              >
                 
                <div>
                  Total
                </div>
              </tr>,
              <tr
                className=""
                onClick={[Function]}
              >
                 
                <div>
                  Total
                </div>
              </tr>,
              <tr
                className=""
                onClick={[Function]}
              >
                 
                <div>
                  Total
                </div>
              </tr>,
              <tr
                className=""
                onClick={[Function]}
              >
                 
                <div>
                  Total
                </div>
              </tr>,
            ],
            "className": "cell100 column1 indicators",
          },
          "ref": null,
          "rendered": Array [
            Object {
              "instance": null,
              "key": "0",
              "nodeType": "host",
              "props": Object {
                "children": Array [
                  " ",
                  <div>
                    Total
                  </div>,
                ],
                "className": "",
                "onClick": [Function],
              },
              "ref": null,
              "rendered": Array [
                " ",
                Object {
                  "instance": null,
                  "key": undefined,
                  "nodeType": "host",
                  "props": Object {
                    "children": "Total",
                  },
                  "ref": null,
                  "rendered": "Total",
                  "type": "div",
                },
              ],
              "type": "tr",
            },
            Object {
              "instance": null,
              "key": "1",
              "nodeType": "host",
              "props": Object {
                "children": Array [
                  " ",
                  <div>
                    Total
                  </div>,
                ],
                "className": "",
                "onClick": [Function],
              },
              "ref": null,
              "rendered": Array [
                " ",
                Object {
                  "instance": null,
                  "key": undefined,
                  "nodeType": "host",
                  "props": Object {
                    "children": "Total",
                  },
                  "ref": null,
                  "rendered": "Total",
                  "type": "div",
                },
              ],
              "type": "tr",
            },
            Object {
              "instance": null,
              "key": "2",
              "nodeType": "host",
              "props": Object {
                "children": Array [
                  " ",
                  <div>
                    Total
                  </div>,
                ],
                "className": "",
                "onClick": [Function],
              },
              "ref": null,
              "rendered": Array [
                " ",
                Object {
                  "instance": null,
                  "key": undefined,
                  "nodeType": "host",
                  "props": Object {
                    "children": "Total",
                  },
                  "ref": null,
                  "rendered": "Total",
                  "type": "div",
                },
              ],
              "type": "tr",
            },
            Object {
              "instance": null,
              "key": "3",
              "nodeType": "host",
              "props": Object {
                "children": Array [
                  " ",
                  <div>
                    Total
                  </div>,
                ],
                "className": "",
                "onClick": [Function],
              },
              "ref": null,
              "rendered": Array [
                " ",
                Object {
                  "instance": null,
                  "key": undefined,
                  "nodeType": "host",
                  "props": Object {
                    "children": "Total",
                  },
                  "ref": null,
                  "rendered": "Total",
                  "type": "div",
                },
              ],
              "type": "tr",
            },
            Object {
              "instance": null,
              "key": "4",
              "nodeType": "host",
              "props": Object {
                "children": Array [
                  " ",
                  <div>
                    Total
                  </div>,
                ],
                "className": "",
                "onClick": [Function],
              },
              "ref": null,
              "rendered": Array [
                " ",
                Object {
                  "instance": null,
                  "key": undefined,
                  "nodeType": "host",
                  "props": Object {
                    "children": "Total",
                  },
                  "ref": null,
                  "rendered": "Total",
                  "type": "div",
                },
              ],
              "type": "tr",
            },
            Object {
              "instance": null,
              "key": "5",
              "nodeType": "host",
              "props": Object {
                "children": Array [
                  " ",
                  <div>
                    Total
                  </div>,
                ],
                "className": "",
                "onClick": [Function],
              },
              "ref": null,
              "rendered": Array [
                " ",
                Object {
                  "instance": null,
                  "key": undefined,
                  "nodeType": "host",
                  "props": Object {
                    "children": "Total",
                  },
                  "ref": null,
                  "rendered": "Total",
                  "type": "div",
                },
              ],
              "type": "tr",
            },
            Object {
              "instance": null,
              "key": "6",
              "nodeType": "host",
              "props": Object {
                "children": Array [
                  " ",
                  <div>
                    Total
                  </div>,
                ],
                "className": "",
                "onClick": [Function],
              },
              "ref": null,
              "rendered": Array [
                " ",
                Object {
                  "instance": null,
                  "key": undefined,
                  "nodeType": "host",
                  "props": Object {
                    "children": "Total",
                  },
                  "ref": null,
                  "rendered": "Total",
                  "type": "div",
                },
              ],
              "type": "tr",
            },
            Object {
              "instance": null,
              "key": "7",
              "nodeType": "host",
              "props": Object {
                "children": Array [
                  " ",
                  <div>
                    Total
                  </div>,
                ],
                "className": "",
                "onClick": [Function],
              },
              "ref": null,
              "rendered": Array [
                " ",
                Object {
                  "instance": null,
                  "key": undefined,
                  "nodeType": "host",
                  "props": Object {
                    "children": "Total",
                  },
                  "ref": null,
                  "rendered": "Total",
                  "type": "div",
                },
              ],
              "type": "tr",
            },
            Object {
              "instance": null,
              "key": "8",
              "nodeType": "host",
              "props": Object {
                "children": Array [
                  " ",
                  <div>
                    Total
                  </div>,
                ],
                "className": "",
                "onClick": [Function],
              },
              "ref": null,
              "rendered": Array [
                " ",
                Object {
                  "instance": null,
                  "key": undefined,
                  "nodeType": "host",
                  "props": Object {
                    "children": "Total",
                  },
                  "ref": null,
                  "rendered": "Total",
                  "type": "div",
                },
              ],
              "type": "tr",
            },
          ],
          "type": "td",
        },
      ],
      "type": "tr",
    },
  ],
  Symbol(enzyme.__options__): Object {
    "adapter": ReactSixteenAdapter {
      "options": Object {
        "enableComponentDidUpdateOnSetState": true,
        "lifecycles": Object {
          "componentDidUpdate": Object {
            "onSetState": true,
          },
          "getDerivedStateFromProps": true,
          "getSnapshotBeforeUpdate": true,
          "setState": Object {
            "skipsComponentDidUpdateOnNullish": true,
          },
        },
      },
    },
  },
}
`;
